Собрала RAID-1

```
root@5278769-rs39011:~# sudo lshw -short | grep disk
/0/100/4/0/0.0.0    /dev/sda   disk           32GB QEMU HARDDISK
/0/100/4/0/0.0.1    /dev/sdb   disk           10GB QEMU HARDDISK
/0/100/4/0/0.0.2    /dev/sdc   disk           10GB QEMU HARDDISK
```

Занулила суперблоки:

```
root@5278769-rs39011:~# mdadm --zero-superblock --force /dev/sd{b,c}
mdadm: Unrecognised md component device - /dev/sdb
mdadm: Unrecognised md component device - /dev/sdc
root@5278769-rs39011:~# sudo wipefs --all --force /dev/sd{b,c}
```

Создала RAID-1

```
root@5278769-rs39011:~# mdadm --create --verbose /dev/md0 -l 1 -n 2 /dev/sd{b,c}
mdadm: Note: this array has metadata at the start and
    may not be suitable as a boot device.  If you plan to
    store '/boot' on this device please ensure that
    your boot-loader understands md/v1.x metadata, or use
    --metadata=0.90
mdadm: size set to 10476544K
Continue creating array? yes
mdadm: Defaulting to version 1.2 metadata
mdadm: array /dev/md0 started.
```

Проверила, что RAID собрался нормально:

```
root@5278769-rs39011:~# cat /proc/mdstat
Personalities : [linear] [multipath] [raid0] [raid1] [raid6] [raid5] [raid4] [raid10] 
md0 : active raid1 sdc[1] sdb[0]
      10476544 blocks super 1.2 [2/2] [UU]
      [======>..............]  resync = 30.5% (3201920/10476544) finish=0.6min speed=200120K/sec
      
unused devices: <none>
```

```
root@5278769-rs39011:~# mdadm -D /dev/md0
/dev/md0:
           Version : 1.2
     Creation Time : Mon Jul 14 16:33:02 2025
        Raid Level : raid1
        Array Size : 10476544 (9.99 GiB 10.73 GB)
     Used Dev Size : 10476544 (9.99 GiB 10.73 GB)
      Raid Devices : 2
     Total Devices : 2
       Persistence : Superblock is persistent

       Update Time : Mon Jul 14 16:33:55 2025
             State : clean 
    Active Devices : 2
   Working Devices : 2
    Failed Devices : 0
     Spare Devices : 0

Consistency Policy : resync

              Name : 5278769-rs39011:0  (local to host 5278769-rs39011)
              UUID : 457d6498:0eeb1999:383bb25e:b4d381c9
            Events : 17

    Number   Major   Minor   RaidDevice State
       0       8       16        0      active sync   /dev/sdb
       1       8       32        1      active sync   /dev/sdc
```

Сломала RAID

```
root@5278769-rs39011:~# mdadm /dev/md0 --fail /dev/sdb
mdadm: set /dev/sdb faulty in /dev/md0
```

Посмотрела, как это отразилось на RAID:

```
root@5278769-rs39011:~# cat /proc/mdstat
Personalities : [linear] [multipath] [raid0] [raid1] [raid6] [raid5] [raid4] [raid10] 
md0 : active raid1 sdc[1] sdb[0](F)
      10476544 blocks super 1.2 [2/1] [_U]
      
unused devices: <none>
```

```
root@5278769-rs39011:~# mdadm -D /dev/md0
/dev/md0:
           Version : 1.2
     Creation Time : Mon Jul 14 16:33:02 2025
        Raid Level : raid1
        Array Size : 10476544 (9.99 GiB 10.73 GB)
     Used Dev Size : 10476544 (9.99 GiB 10.73 GB)
      Raid Devices : 2
     Total Devices : 2
       Persistence : Superblock is persistent

       Update Time : Mon Jul 14 16:34:32 2025
             State : clean, degraded 
    Active Devices : 1
   Working Devices : 1
    Failed Devices : 1
     Spare Devices : 0

Consistency Policy : resync

              Name : 5278769-rs39011:0  (local to host 5278769-rs39011)
              UUID : 457d6498:0eeb1999:383bb25e:b4d381c9
            Events : 19

    Number   Major   Minor   RaidDevice State
       -       0        0        0      removed
       1       8       32        1      active sync   /dev/sdc

       0       8       16        -      faulty   /dev/sdb

```

Удалила “сломанный” диск из массива:

```
root@5278769-rs39011:~# mdadm /dev/md0 --remove /dev/sdb
mdadm: hot removed /dev/sdb from /dev/md0
```

Добавила диск:

```
root@5278769-rs39011:~# mdadm /dev/md0 --add /dev/sdb
mdadm: added /dev/sdb
```

Проверила состояние:

```
root@5278769-rs39011:~# mdadm -D /dev/md0
/dev/md0:
           Version : 1.2
     Creation Time : Mon Jul 14 16:33:02 2025
        Raid Level : raid1
        Array Size : 10476544 (9.99 GiB 10.73 GB)
     Used Dev Size : 10476544 (9.99 GiB 10.73 GB)
      Raid Devices : 2
     Total Devices : 2
       Persistence : Superblock is persistent

       Update Time : Mon Jul 14 16:36:02 2025
             State : clean 
    Active Devices : 2
   Working Devices : 2
    Failed Devices : 0
     Spare Devices : 0

Consistency Policy : resync

              Name : 5278769-rs39011:0  (local to host 5278769-rs39011)
              UUID : 457d6498:0eeb1999:383bb25e:b4d381c9
            Events : 39

    Number   Major   Minor   RaidDevice State
       2       8       16        0      active sync   /dev/sdb
       1       8       32        1      active sync   /dev/sdc
```


Создала раздел GPT на RAID

```
root@5278769-rs39011:~# parted -s /dev/md0 mklabel gpt
root@5278769-rs39011:~# parted /dev/md0 mkpart primary ext4 0% 50%
root@5278769-rs39011:~# parted /dev/md0 mkpart primary ext4 50% 100%           
```

Создала на партициях ФС

```
root@5278769-rs39011:~# for i in $(seq 1 2); do sudo mkfs.ext4 /dev/md0p$i; done
mke2fs 1.46.5 (30-Dec-2021)
/dev/md0p1 contains a ext4 file system
	created on Sun Jul 13 17:47:56 2025
Proceed anyway? (y,N) y
Discarding device blocks: done                            
Creating filesystem with 1309184 4k blocks and 327680 inodes
Filesystem UUID: a408fcf3-8c1a-4113-963d-6e9d224c951c
Superblock backups stored on blocks: 
	32768, 98304, 163840, 229376, 294912, 819200, 884736

Allocating group tables: done                            
Writing inode tables: done                            
Creating journal (16384 blocks): done
Writing superblocks and filesystem accounting information: done 

mke2fs 1.46.5 (30-Dec-2021)
Discarding device blocks: done                            
Creating filesystem with 1309440 4k blocks and 327680 inodes
Filesystem UUID: 649a0ff1-0b04-4cee-b96a-8171d93cc485
Superblock backups stored on blocks: 
	32768, 98304, 163840, 229376, 294912, 819200, 884736

Allocating group tables: done                            
Writing inode tables: done                            
Creating journal (16384 blocks): done
Writing superblocks and filesystem accounting information: done 
```

Смонтировала их по каталогам

```
root@5278769-rs39011:~# mkdir -p /raid/part{1,2}
root@5278769-rs39011:~# for i in $(seq 1 2); do mount /dev/md0p$i /raid/part$i; done
```
